// Jest Snapshot v1, https://goo.gl/fbAQLP

exports[`NewsItem should render the FrontPage Component correctly 1`] = `ShallowWrapper {}`;
